/home/pbliss/Projects/csci484/venv/lib/python3.12/site-packages/torchvision/models/_utils.py:208: UserWarning: The parameter 'pretrained' is deprecated since 0.13 and may be removed in the future, please use 'weights' instead.
  warnings.warn(
/home/pbliss/Projects/csci484/venv/lib/python3.12/site-packages/torchvision/models/_utils.py:223: UserWarning: Arguments other than a weight enum or `None` for 'weights' are deprecated since 0.13 and may be removed in the future. The current behavior is equivalent to passing `weights=None`.
  warnings.warn(msg)

Using device: cuda
Classes (folder order): ['accept', 'reject']

----------------------------------------------------------------------
Epoch 1/30
Train: loss=0.2760, acc=0.8863
Val:   loss=10.3730, acc=0.2909

----------------------------------------------------------------------
Epoch 2/30
Train: loss=0.0941, acc=0.9767
Val:   loss=10.2236, acc=0.2364

----------------------------------------------------------------------
Epoch 3/30
Train: loss=0.0592, acc=0.9832
Val:   loss=0.8228, acc=0.9818

----------------------------------------------------------------------
Epoch 4/30
Train: loss=0.0242, acc=0.9935
Val:   loss=1.5814, acc=0.5273

----------------------------------------------------------------------
Epoch 5/30
Train: loss=0.0585, acc=0.9780
Val:   loss=0.4079, acc=0.9818

----------------------------------------------------------------------
Epoch 6/30
Train: loss=0.0248, acc=0.9961
Val:   loss=0.9491, acc=0.9273

----------------------------------------------------------------------
Epoch 7/30
Train: loss=0.0105, acc=0.9948
Val:   loss=0.4531, acc=0.9636

----------------------------------------------------------------------
Epoch 8/30
Train: loss=0.0214, acc=0.9935
Val:   loss=0.7663, acc=0.9818

----------------------------------------------------------------------
Epoch 9/30
Train: loss=0.0332, acc=0.9910
Val:   loss=3.0941, acc=0.7818

----------------------------------------------------------------------
Epoch 10/30
Train: loss=0.0836, acc=0.9742
Val:   loss=0.6439, acc=0.9636

----------------------------------------------------------------------
Epoch 11/30
Train: loss=0.0189, acc=0.9910
Val:   loss=0.6370, acc=0.8909

----------------------------------------------------------------------
Epoch 12/30
Train: loss=0.0089, acc=0.9974
Val:   loss=0.5947, acc=0.8909

----------------------------------------------------------------------
Epoch 13/30
Train: loss=0.0049, acc=0.9961
Val:   loss=0.4415, acc=0.9818

----------------------------------------------------------------------
Epoch 14/30
Train: loss=0.0110, acc=0.9974
Val:   loss=1.1063, acc=0.9636

----------------------------------------------------------------------
Epoch 15/30
Train: loss=0.0021, acc=1.0000
Val:   loss=0.5741, acc=0.9818

----------------------------------------------------------------------
Epoch 16/30
Train: loss=0.0902, acc=0.9780
Val:   loss=0.5960, acc=0.9636

----------------------------------------------------------------------
Epoch 17/30
Train: loss=0.0464, acc=0.9767
Val:   loss=0.5104, acc=0.9818

----------------------------------------------------------------------
Epoch 18/30
Train: loss=0.0638, acc=0.9819
Val:   loss=1.0449, acc=0.9818

----------------------------------------------------------------------
Epoch 19/30
Train: loss=0.0178, acc=0.9961
Val:   loss=1.0003, acc=0.9818

----------------------------------------------------------------------
Epoch 20/30
Train: loss=0.0821, acc=0.9742
Val:   loss=1.3255, acc=0.8909

----------------------------------------------------------------------
Epoch 21/30
Train: loss=0.0143, acc=0.9974
Val:   loss=0.6637, acc=0.8727

----------------------------------------------------------------------
Epoch 22/30
Train: loss=0.0024, acc=1.0000
Val:   loss=0.4992, acc=0.9636

----------------------------------------------------------------------
Epoch 23/30
Train: loss=0.0048, acc=0.9987
Val:   loss=0.5985, acc=0.9818

----------------------------------------------------------------------
Epoch 24/30
Train: loss=0.0289, acc=0.9871
Val:   loss=0.9295, acc=0.7818

----------------------------------------------------------------------
Epoch 25/30
Train: loss=0.0094, acc=0.9974
Val:   loss=0.7353, acc=0.9818

----------------------------------------------------------------------
Epoch 26/30
Train: loss=0.0597, acc=0.9690
Val:   loss=2.3509, acc=0.8182

----------------------------------------------------------------------
Epoch 27/30
Train: loss=0.0325, acc=0.9922
Val:   loss=0.7205, acc=0.9091

----------------------------------------------------------------------
Epoch 28/30
Train: loss=0.0024, acc=1.0000
Val:   loss=0.9364, acc=0.8727

----------------------------------------------------------------------
Epoch 29/30
Train: loss=0.0162, acc=0.9948
Val:   loss=2.7294, acc=0.8364

----------------------------------------------------------------------
Epoch 30/30
Train: loss=0.0105, acc=0.9948
Val:   loss=1.9004, acc=0.5818

Loaded best model based on validation accuracy.

======================================================================
VALIDATION RESULTS
======================================================================

Confusion Matrix (rows=true, cols=pred):
[[126   0]
 [  3  36]]

Classification Report:
              precision    recall  f1-score   support

      accept     0.9767    1.0000    0.9882       126
      reject     1.0000    0.9231    0.9600        39

    accuracy                         0.9818       165
   macro avg     0.9884    0.9615    0.9741       165
weighted avg     0.9822    0.9818    0.9816       165


======================================================================
TEST RESULTS
======================================================================

Confusion Matrix (rows=true, cols=pred):
[[ 0 84]
 [ 6 36]]

Classification Report:
              precision    recall  f1-score   support

      accept     0.0000    0.0000    0.0000        84
      reject     0.3000    0.8571    0.4444        42

    accuracy                         0.2857       126
   macro avg     0.1500    0.4286    0.2222       126
weighted avg     0.1000    0.2857    0.1481       126

