/home/pbliss/Projects/csci484/venv/lib/python3.12/site-packages/torchvision/models/_utils.py:208: UserWarning: The parameter 'pretrained' is deprecated since 0.13 and may be removed in the future, please use 'weights' instead.
  warnings.warn(
/home/pbliss/Projects/csci484/venv/lib/python3.12/site-packages/torchvision/models/_utils.py:223: UserWarning: Arguments other than a weight enum or `None` for 'weights' are deprecated since 0.13 and may be removed in the future. The current behavior is equivalent to passing `weights=None`.
  warnings.warn(msg)

Using device: cuda
Classes (folder order): ['accept', 'reject']

----------------------------------------------------------------------
Epoch 1/30
Train: loss=0.5758, acc=0.7778
Val:   loss=56.0087, acc=0.7174

----------------------------------------------------------------------
Epoch 2/30
Train: loss=0.2542, acc=0.9178
Val:   loss=10.8097, acc=0.7174

----------------------------------------------------------------------
Epoch 3/30
Train: loss=0.1614, acc=0.9437
Val:   loss=3.7116, acc=0.7174

----------------------------------------------------------------------
Epoch 4/30
Train: loss=0.1982, acc=0.9224
Val:   loss=0.1713, acc=0.9348

----------------------------------------------------------------------
Epoch 5/30
Train: loss=0.1079, acc=0.9589
Val:   loss=0.3080, acc=0.8913

----------------------------------------------------------------------
Epoch 6/30
Train: loss=0.1176, acc=0.9696
Val:   loss=1.7900, acc=0.5435

----------------------------------------------------------------------
Epoch 7/30
Train: loss=0.0584, acc=0.9772
Val:   loss=1.1071, acc=0.7391

----------------------------------------------------------------------
Epoch 8/30
Train: loss=0.0665, acc=0.9787
Val:   loss=0.1613, acc=0.9565

----------------------------------------------------------------------
Epoch 9/30
Train: loss=0.1621, acc=0.9498
Val:   loss=2.3482, acc=0.7391

----------------------------------------------------------------------
Epoch 10/30
Train: loss=0.1241, acc=0.9513
Val:   loss=0.0937, acc=0.9783

----------------------------------------------------------------------
Epoch 11/30
Train: loss=0.0741, acc=0.9726
Val:   loss=1.1085, acc=0.7174

----------------------------------------------------------------------
Epoch 12/30
Train: loss=0.0769, acc=0.9665
Val:   loss=6.4675, acc=0.7174

----------------------------------------------------------------------
Epoch 13/30
Train: loss=0.0429, acc=0.9817
Val:   loss=0.2467, acc=0.9565

----------------------------------------------------------------------
Epoch 14/30
Train: loss=0.0398, acc=0.9848
Val:   loss=11.4018, acc=0.2826

----------------------------------------------------------------------
Epoch 15/30
Train: loss=0.0241, acc=0.9893
Val:   loss=3.0140, acc=0.7391

----------------------------------------------------------------------
Epoch 16/30
Train: loss=0.0615, acc=0.9817
Val:   loss=2.5277, acc=0.7826

----------------------------------------------------------------------
Epoch 17/30
Train: loss=0.0982, acc=0.9635
Val:   loss=3.2949, acc=0.7174

----------------------------------------------------------------------
Epoch 18/30
Train: loss=0.0921, acc=0.9650
Val:   loss=0.4360, acc=0.9348

----------------------------------------------------------------------
Epoch 19/30
Train: loss=0.0300, acc=0.9924
Val:   loss=7.5107, acc=0.3043

----------------------------------------------------------------------
Epoch 20/30
Train: loss=0.0491, acc=0.9833
Val:   loss=2.2420, acc=0.7391

----------------------------------------------------------------------
Epoch 21/30
Train: loss=0.0446, acc=0.9848
Val:   loss=0.2261, acc=0.9348

----------------------------------------------------------------------
Epoch 22/30
Train: loss=0.0351, acc=0.9893
Val:   loss=0.1804, acc=0.9565

----------------------------------------------------------------------
Epoch 23/30
Train: loss=0.0048, acc=1.0000
Val:   loss=0.1677, acc=0.9348

----------------------------------------------------------------------
Epoch 24/30
Train: loss=0.0053, acc=0.9985
Val:   loss=2.4196, acc=0.5435

----------------------------------------------------------------------
Epoch 25/30
Train: loss=0.0186, acc=0.9939
Val:   loss=0.3341, acc=0.8913

----------------------------------------------------------------------
Epoch 26/30
Train: loss=0.0138, acc=0.9970
Val:   loss=0.0492, acc=0.9565

----------------------------------------------------------------------
Epoch 27/30
Train: loss=0.0493, acc=0.9863
Val:   loss=4.0496, acc=0.5000

----------------------------------------------------------------------
Epoch 28/30
Train: loss=0.0233, acc=0.9970
Val:   loss=5.4163, acc=0.3913

----------------------------------------------------------------------
Epoch 29/30
Train: loss=0.0327, acc=0.9893
Val:   loss=7.9637, acc=0.7174

----------------------------------------------------------------------
Epoch 30/30
Train: loss=0.0480, acc=0.9817
Val:   loss=5.9831, acc=0.7174

Loaded best model based on validation accuracy.

======================================================================
VALIDATION RESULTS
======================================================================

Confusion Matrix (rows=true, cols=pred):
[[99  0]
 [ 3 36]]

Classification Report:
              precision    recall  f1-score   support

      accept     0.9706    1.0000    0.9851        99
      reject     1.0000    0.9231    0.9600        39

    accuracy                         0.9783       138
   macro avg     0.9853    0.9615    0.9725       138
weighted avg     0.9789    0.9783    0.9780       138


======================================================================
TEST RESULTS
======================================================================

Confusion Matrix (rows=true, cols=pred):
[[36 30]
 [ 0 45]]

Classification Report:
              precision    recall  f1-score   support

      accept     1.0000    0.5455    0.7059        66
      reject     0.6000    1.0000    0.7500        45

    accuracy                         0.7297       111
   macro avg     0.8000    0.7727    0.7279       111
weighted avg     0.8378    0.7297    0.7238       111

