/home/pbliss/Projects/csci484/venv/lib/python3.12/site-packages/torchvision/models/_utils.py:208: UserWarning: The parameter 'pretrained' is deprecated since 0.13 and may be removed in the future, please use 'weights' instead.
  warnings.warn(
/home/pbliss/Projects/csci484/venv/lib/python3.12/site-packages/torchvision/models/_utils.py:223: UserWarning: Arguments other than a weight enum or `None` for 'weights' are deprecated since 0.13 and may be removed in the future. The current behavior is equivalent to passing `weights=None`.
  warnings.warn(msg)

Using device: cuda
Classes (folder order): ['accept', 'reject']

----------------------------------------------------------------------
Epoch 1/30
Train: loss=0.7397, acc=0.6253
Val:   loss=0.6592, acc=0.7982

----------------------------------------------------------------------
Epoch 2/30
Train: loss=0.4407, acc=0.7802
Val:   loss=0.4938, acc=0.8158

----------------------------------------------------------------------
Epoch 3/30
Train: loss=0.3558, acc=0.8241
Val:   loss=0.4398, acc=0.8421

----------------------------------------------------------------------
Epoch 4/30
Train: loss=0.3287, acc=0.8488
Val:   loss=0.3638, acc=0.8860

----------------------------------------------------------------------
Epoch 5/30
Train: loss=0.2867, acc=0.8778
Val:   loss=0.4120, acc=0.8421

----------------------------------------------------------------------
Epoch 6/30
Train: loss=0.2535, acc=0.8988
Val:   loss=0.4238, acc=0.8333

----------------------------------------------------------------------
Epoch 7/30
Train: loss=0.3215, acc=0.8654
Val:   loss=0.6971, acc=0.7456

----------------------------------------------------------------------
Epoch 8/30
Train: loss=0.2369, acc=0.8920
Val:   loss=0.3532, acc=0.8772

----------------------------------------------------------------------
Epoch 9/30
Train: loss=0.2481, acc=0.8907
Val:   loss=1.6652, acc=0.4474

----------------------------------------------------------------------
Epoch 10/30
Train: loss=0.2525, acc=0.8969
Val:   loss=0.7804, acc=0.8070

----------------------------------------------------------------------
Epoch 11/30
Train: loss=0.2578, acc=0.8889
Val:   loss=0.4349, acc=0.8333

----------------------------------------------------------------------
Epoch 12/30
Train: loss=0.2173, acc=0.9062
Val:   loss=0.3591, acc=0.9035

----------------------------------------------------------------------
Epoch 13/30
Train: loss=0.2019, acc=0.9154
Val:   loss=0.4488, acc=0.8860

----------------------------------------------------------------------
Epoch 14/30
Train: loss=0.2088, acc=0.9093
Val:   loss=0.5807, acc=0.7807

----------------------------------------------------------------------
Epoch 15/30
Train: loss=0.1763, acc=0.9272
Val:   loss=1.9436, acc=0.6316

----------------------------------------------------------------------
Epoch 16/30
Train: loss=0.1963, acc=0.9216
Val:   loss=0.5185, acc=0.7895

----------------------------------------------------------------------
Epoch 17/30
Train: loss=0.1511, acc=0.9438
Val:   loss=0.6239, acc=0.8596

----------------------------------------------------------------------
Epoch 18/30
Train: loss=0.1621, acc=0.9352
Val:   loss=0.7023, acc=0.8333

----------------------------------------------------------------------
Epoch 19/30
Train: loss=0.1414, acc=0.9426
Val:   loss=0.9968, acc=0.7105

----------------------------------------------------------------------
Epoch 20/30
Train: loss=0.1579, acc=0.9309
Val:   loss=0.5606, acc=0.7895

----------------------------------------------------------------------
Epoch 21/30
Train: loss=0.1398, acc=0.9401
Val:   loss=0.5197, acc=0.8860

----------------------------------------------------------------------
Epoch 22/30
Train: loss=0.1215, acc=0.9463
Val:   loss=0.6579, acc=0.8421

----------------------------------------------------------------------
Epoch 23/30
Train: loss=0.1465, acc=0.9395
Val:   loss=0.9600, acc=0.7281

----------------------------------------------------------------------
Epoch 24/30
Train: loss=0.1068, acc=0.9580
Val:   loss=1.3003, acc=0.7193

----------------------------------------------------------------------
Epoch 25/30
Train: loss=0.1421, acc=0.9414
Val:   loss=0.5718, acc=0.8070

----------------------------------------------------------------------
Epoch 26/30
Train: loss=0.0818, acc=0.9623
Val:   loss=0.9751, acc=0.7719

----------------------------------------------------------------------
Epoch 27/30
Train: loss=0.0619, acc=0.9815
Val:   loss=0.8309, acc=0.7719

----------------------------------------------------------------------
Epoch 28/30
Train: loss=0.0518, acc=0.9778
Val:   loss=1.9245, acc=0.6930

----------------------------------------------------------------------
Epoch 29/30
Train: loss=0.0704, acc=0.9735
Val:   loss=0.7357, acc=0.7807

----------------------------------------------------------------------
Epoch 30/30
Train: loss=0.0853, acc=0.9667
Val:   loss=1.1654, acc=0.8246

Loaded best model based on validation accuracy.

======================================================================
VALIDATION RESULTS
======================================================================

Confusion Matrix (rows=true, cols=pred):
[[234  18]
 [ 15  75]]

Classification Report:
              precision    recall  f1-score   support

      accept     0.9398    0.9286    0.9341       252
      reject     0.8065    0.8333    0.8197        90

    accuracy                         0.9035       342
   macro avg     0.8731    0.8810    0.8769       342
weighted avg     0.9047    0.9035    0.9040       342


======================================================================
TEST RESULTS
======================================================================

Confusion Matrix (rows=true, cols=pred):
[[93 93]
 [21 81]]

Classification Report:
              precision    recall  f1-score   support

      accept     0.8158    0.5000    0.6200       186
      reject     0.4655    0.7941    0.5870       102

    accuracy                         0.6042       288
   macro avg     0.6407    0.6471    0.6035       288
weighted avg     0.6917    0.6042    0.6083       288

