/home/pbliss/Projects/csci484/venv/lib/python3.12/site-packages/torchvision/models/_utils.py:208: UserWarning: The parameter 'pretrained' is deprecated since 0.13 and may be removed in the future, please use 'weights' instead.
  warnings.warn(
/home/pbliss/Projects/csci484/venv/lib/python3.12/site-packages/torchvision/models/_utils.py:223: UserWarning: Arguments other than a weight enum or `None` for 'weights' are deprecated since 0.13 and may be removed in the future. The current behavior is equivalent to passing `weights=None`.
  warnings.warn(msg)

Using device: cuda
Classes (folder order): ['accept', 'reject']

----------------------------------------------------------------------
Epoch 1/30
Train: loss=1.1816, acc=0.5238
Val:   loss=6.3946, acc=0.6923

----------------------------------------------------------------------
Epoch 2/30
Train: loss=0.7597, acc=0.4974
Val:   loss=2.2328, acc=0.6923

----------------------------------------------------------------------
Epoch 3/30
Train: loss=0.6231, acc=0.6190
Val:   loss=6.5175, acc=0.6923

----------------------------------------------------------------------
Epoch 4/30
Train: loss=0.4121, acc=0.8783
Val:   loss=4.5733, acc=0.6923

----------------------------------------------------------------------
Epoch 5/30
Train: loss=0.3069, acc=0.8413
Val:   loss=9.5349, acc=0.6923

----------------------------------------------------------------------
Epoch 6/30
Train: loss=0.3273, acc=0.8624
Val:   loss=10.7261, acc=0.6923

----------------------------------------------------------------------
Epoch 7/30
Train: loss=0.3023, acc=0.8677
Val:   loss=7.7829, acc=0.6923

----------------------------------------------------------------------
Epoch 8/30
Train: loss=0.2365, acc=0.9153
Val:   loss=2.8384, acc=0.6154

----------------------------------------------------------------------
Epoch 9/30
Train: loss=0.1618, acc=0.9418
Val:   loss=2.3649, acc=0.6923

----------------------------------------------------------------------
Epoch 10/30
Train: loss=0.1225, acc=0.9471
Val:   loss=3.8630, acc=0.6923

----------------------------------------------------------------------
Epoch 11/30
Train: loss=0.1022, acc=0.9524
Val:   loss=4.4379, acc=0.6154

----------------------------------------------------------------------
Epoch 12/30
Train: loss=0.0616, acc=0.9735
Val:   loss=2.8651, acc=0.6923

----------------------------------------------------------------------
Epoch 13/30
Train: loss=0.1438, acc=0.9630
Val:   loss=0.6777, acc=0.8462

----------------------------------------------------------------------
Epoch 14/30
Train: loss=0.1463, acc=0.9418
Val:   loss=1.9483, acc=0.6154

----------------------------------------------------------------------
Epoch 15/30
Train: loss=0.3012, acc=0.8836
Val:   loss=1.7584, acc=0.7692

----------------------------------------------------------------------
Epoch 16/30
Train: loss=0.1600, acc=0.9365
Val:   loss=4.5092, acc=0.6923

----------------------------------------------------------------------
Epoch 17/30
Train: loss=0.1428, acc=0.9524
Val:   loss=3.1535, acc=0.6923

----------------------------------------------------------------------
Epoch 18/30
Train: loss=0.0635, acc=0.9788
Val:   loss=3.6857, acc=0.5385

----------------------------------------------------------------------
Epoch 19/30
Train: loss=0.1456, acc=0.9365
Val:   loss=2.0680, acc=0.6923

----------------------------------------------------------------------
Epoch 20/30
Train: loss=0.3332, acc=0.8942
Val:   loss=5.7624, acc=0.6923

----------------------------------------------------------------------
Epoch 21/30
Train: loss=0.0908, acc=0.9735
Val:   loss=2.4099, acc=0.6923

----------------------------------------------------------------------
Epoch 22/30
Train: loss=0.1622, acc=0.9153
Val:   loss=1.6766, acc=0.6923

----------------------------------------------------------------------
Epoch 23/30
Train: loss=0.0793, acc=0.9735
Val:   loss=5.6531, acc=0.6923

----------------------------------------------------------------------
Epoch 24/30
Train: loss=0.1320, acc=0.9683
Val:   loss=15.0578, acc=0.3077

----------------------------------------------------------------------
Epoch 25/30
Train: loss=0.1133, acc=0.9630
Val:   loss=16.8106, acc=0.3077

----------------------------------------------------------------------
Epoch 26/30
Train: loss=0.1171, acc=0.9471
Val:   loss=4.0217, acc=0.4615

----------------------------------------------------------------------
Epoch 27/30
Train: loss=0.0810, acc=0.9788
Val:   loss=4.1217, acc=0.4615

----------------------------------------------------------------------
Epoch 28/30
Train: loss=0.0556, acc=0.9894
Val:   loss=2.4998, acc=0.6923

----------------------------------------------------------------------
Epoch 29/30
Train: loss=0.1019, acc=0.9524
Val:   loss=3.2244, acc=0.6923

----------------------------------------------------------------------
Epoch 30/30
Train: loss=0.0311, acc=0.9894
Val:   loss=3.3609, acc=0.6923

Loaded best model based on validation accuracy.

======================================================================
VALIDATION RESULTS
======================================================================

Confusion Matrix (rows=true, cols=pred):
[[24  3]
 [ 3  9]]

Classification Report:
              precision    recall  f1-score   support

      accept     0.8889    0.8889    0.8889        27
      reject     0.7500    0.7500    0.7500        12

    accuracy                         0.8462        39
   macro avg     0.8194    0.8194    0.8194        39
weighted avg     0.8462    0.8462    0.8462        39


======================================================================
TEST RESULTS
======================================================================

Confusion Matrix (rows=true, cols=pred):
[[18 18]
 [ 0 15]]

Classification Report:
              precision    recall  f1-score   support

      accept     1.0000    0.5000    0.6667        36
      reject     0.4545    1.0000    0.6250        15

    accuracy                         0.6471        51
   macro avg     0.7273    0.7500    0.6458        51
weighted avg     0.8396    0.6471    0.6544        51

